[arch_toubkal] Environment loaded successfully.

Currently Loaded Modules:
  1) GCCcore/13.3.0
  2) zlib/1.3.1-GCCcore-13.3.0
  3) binutils/2.42-GCCcore-13.3.0
  4) GCC/13.3.0
  5) numactl/2.0.18-GCCcore-13.3.0
  6) XZ/5.4.5-GCCcore-13.3.0
  7) libxml2/2.12.7-GCCcore-13.3.0
  8) libpciaccess/0.18.1-GCCcore-13.3.0
  9) hwloc/2.10.0-GCCcore-13.3.0
 10) OpenSSL/3
 11) libevent/2.1.12-GCCcore-13.3.0
 12) UCX/1.16.0-GCCcore-13.3.0
 13) libfabric/1.21.0-GCCcore-13.3.0
 14) PMIx/5.0.2-GCCcore-13.3.0
 15) PRRTE/3.0.5-GCCcore-13.3.0
 16) UCC/1.3.0-GCCcore-13.3.0
 17) OpenMPI/5.0.3-GCC-13.3.0
 18) OpenBLAS/0.3.27-GCC-13.3.0
 19) FlexiBLAS/3.4.4-GCC-13.3.0
 20) FFTW/3.3.10-GCC-13.3.0
 21) gompi/2024a
 22) FFTW.MPI/3.3.10-gompi-2024a
 23) ScaLAPACK/2.2.0-gompi-2024a-fb
 24) foss/2024a
 25) bzip2/1.0.8-GCCcore-13.3.0
 26) netCDF-Fortran/4.6.1-gompi-2024a
 27) Szip/2.1.1-GCCcore-13.3.0
 28) cURL/8.7.1-GCCcore-13.3.0
 29) gzip/1.13-GCCcore-13.3.0
 30) lz4/1.9.4-GCCcore-13.3.0
 31) zstd/1.5.6-GCCcore-13.3.0
 32) netCDF/4.9.2-gompi-2024a
 33) netCDF-C++4/4.3.1-gompi-2024a
 34) libarchive/3.7.4-GCCcore-13.3.0
 35) ESMF/8.7.0-foss-2024a
 36) libpng/1.6.43-GCCcore-13.3.0
 37) NASM/2.16.03-GCCcore-13.3.0
 38) libjpeg-turbo/3.0.1-GCCcore-13.3.0
 39) libde265/1.0.15-GCCcore-13.3.0
 40) x265/3.6-GCCcore-13.3.0
 41) libffi/3.4.5-GCCcore-13.3.0
 42) ncurses/6.5-GCCcore-13.3.0
 43) libiconv/1.17-GCCcore-13.3.0
 44) gettext/0.22.5-GCCcore-13.3.0
 45) PCRE2/10.43-GCCcore-13.3.0
 46) libreadline/8.2-GCCcore-13.3.0
 47) Tcl/8.6.14-GCCcore-13.3.0
 48) SQLite/3.45.3-GCCcore-13.3.0
 49) util-linux/2.40-GCCcore-13.3.0
 50) GLib/2.80.4-GCCcore-13.3.0
 51) jbigkit/2.1-GCCcore-13.3.0
 52) libdeflate/1.20-GCCcore-13.3.0
 53) LibTIFF/4.6.0-GCCcore-13.3.0
 54) expat/2.6.2-GCCcore-13.3.0
 55) Brotli/1.1.0-GCCcore-13.3.0
 56) freetype/2.13.2-GCCcore-13.3.0
 57) fontconfig/2.15.0-GCCcore-13.3.0
 58) xorg-macros/1.20.1-GCCcore-13.3.0
 59) X11/20240607-GCCcore-13.3.0
 60) Gdk-Pixbuf/2.42.11-GCCcore-13.3.0
 61) libheif/1.19.5-GCCcore-13.3.0
 62) JasPer/4.2.4-GCCcore-13.3.0
 63) libaec/1.1.3-GCCcore-13.3.0
 64) ecCodes/2.38.3-gompi-2024a
 65) HDF5/1.14.5-gompi-2024a
 66) CMake/3.29.3-GCCcore-13.3.0

 

